
> vite_react_shadcn_ts@0.0.0 build
> vite build

vite v5.4.19 building for production...
transforming...
Browserslist: browsers data (caniuse-lite) is 11 months old. Please run:
  npx update-browserslist-db@latest
  Why you should do it regularly: https://github.com/browserslist/update-db#readme
✓ 1713 modules transformed.
x Build failed in 2.53s
error during build:
[vite]: Rollup failed to resolve import "zustand" from "/Users/reda/Workspace/cursor/canaming/src/lib/i18n.ts".
This is most likely unintended because it can break your application at runtime.
If you do want to externalize this module explicitly add it to
`build.rollupOptions.external`
    at viteWarn (file:///Users/reda/Workspace/cursor/canaming/node_modules/vite/dist/node/chunks/dep-C6uTJdX2.js:65839:17)
    at onwarn (file:///Users/reda/Workspace/cursor/canaming/node_modules/@vitejs/plugin-react-swc/index.js:90:7)
    at onRollupWarning (file:///Users/reda/Workspace/cursor/canaming/node_modules/vite/dist/node/chunks/dep-C6uTJdX2.js:65869:5)
    at onwarn (file:///Users/reda/Workspace/cursor/canaming/node_modules/vite/dist/node/chunks/dep-C6uTJdX2.js:65534:7)
    at file:///Users/reda/Workspace/cursor/canaming/node_modules/rollup/dist/es/shared/node-entry.js:19393:13
    at Object.logger [as onLog] (file:///Users/reda/Workspace/cursor/canaming/node_modules/rollup/dist/es/shared/node-entry.js:21119:9)
    at ModuleLoader.handleInvalidResolvedId (file:///Users/reda/Workspace/cursor/canaming/node_modules/rollup/dist/es/shared/node-entry.js:20008:26)
    at file:///Users/reda/Workspace/cursor/canaming/node_modules/rollup/dist/es/shared/node-entry.js:19966:26
